// Jest Snapshot v1, https://goo.gl/fbAQLP

exports[`normalize integration test (temporary) should correctly normalize an asset schema 1`] = `
Object {
  "ABC": Object {
    "appearances": Array [
      Object {
        "contents": Array [],
        "contextStack": Array [
          Object {
            "index": 0,
            "key": "Test",
            "tag": "Asset",
          },
        ],
        "display": undefined,
        "errors": Array [],
        "location": Array [
          0,
          1,
        ],
        "name": "Vortex",
        "props": Object {},
        "render": Array [
          Object {
            "spaceAfter": true,
            "spaceBefore": false,
            "tag": "String",
            "value": "Vortex",
          },
          Object {
            "contents": Array [],
            "props": Object {},
            "spaceAfter": false,
            "spaceBefore": true,
            "tag": "Link",
            "text": "(toggle)",
            "to": "toggleOpen",
          },
        ],
        "spaceAfter": false,
        "spaceBefore": false,
      },
      Object {
        "contents": Array [
          Object {
            "index": 0,
            "key": "ABC#DEF",
            "tag": "Exit",
          },
        ],
        "contextStack": Array [
          Object {
            "index": 0,
            "key": "Test",
            "tag": "Asset",
          },
          Object {
            "index": 0,
            "key": "Condition-0",
            "tag": "Condition",
          },
        ],
        "display": undefined,
        "errors": Array [],
        "location": Array [
          0,
          2,
          0,
        ],
        "props": Object {},
        "render": Array [],
        "spaceAfter": false,
        "spaceBefore": false,
      },
    ],
    "global": false,
    "key": "ABC",
    "tag": "Room",
  },
  "ABC#DEF": Object {
    "appearances": Array [
      Object {
        "contents": Array [],
        "contextStack": Array [
          Object {
            "index": 0,
            "key": "Test",
            "tag": "Asset",
          },
          Object {
            "index": 0,
            "key": "Condition-0",
            "tag": "Condition",
          },
          Object {
            "index": 1,
            "key": "ABC",
            "tag": "Room",
          },
        ],
        "errors": Array [],
        "location": Array [
          0,
          2,
          0,
          0,
        ],
        "props": Object {},
      },
    ],
    "from": "ABC",
    "key": "ABC#DEF",
    "name": "welcome",
    "tag": "Exit",
    "to": "DEF",
  },
  "Condition-0": Object {
    "appearances": Array [
      Object {
        "contents": Array [
          Object {
            "index": 1,
            "key": "ABC",
            "tag": "Room",
          },
        ],
        "contextStack": Array [
          Object {
            "index": 0,
            "key": "Test",
            "tag": "Asset",
          },
        ],
        "errors": Array [],
        "location": Array [
          0,
          2,
        ],
        "props": Object {},
      },
    ],
    "dependencies": Array [
      "open",
    ],
    "if": "open",
    "key": "Condition-0",
    "tag": "Condition",
  },
  "DEF": Object {
    "appearances": Array [
      Object {
        "contents": Array [
          Object {
            "index": 0,
            "key": "DEF#ABC",
            "tag": "Exit",
          },
        ],
        "contextStack": Array [
          Object {
            "index": 0,
            "key": "Test",
            "tag": "Asset",
          },
        ],
        "display": undefined,
        "errors": Array [],
        "location": Array [
          0,
          3,
        ],
        "name": "Welcome",
        "props": Object {},
        "render": undefined,
        "spaceAfter": false,
        "spaceBefore": false,
      },
    ],
    "global": false,
    "key": "DEF",
    "tag": "Room",
  },
  "DEF#ABC": Object {
    "appearances": Array [
      Object {
        "contents": Array [],
        "contextStack": Array [
          Object {
            "index": 0,
            "key": "Test",
            "tag": "Asset",
          },
          Object {
            "index": 0,
            "key": "DEF",
            "tag": "Room",
          },
        ],
        "errors": Array [],
        "location": Array [
          0,
          1,
          0,
        ],
        "props": Object {},
      },
    ],
    "from": "DEF",
    "key": "DEF#ABC",
    "name": "vortex",
    "tag": "Exit",
    "to": "ABC",
  },
  "Import-0": Object {
    "appearances": Array [
      Object {
        "contents": Array [
          Object {
            "index": 0,
            "key": "power",
            "tag": "Variable",
          },
          Object {
            "index": 0,
            "key": "overview",
            "tag": "Room",
          },
        ],
        "contextStack": Array [
          Object {
            "index": 0,
            "key": "Test",
            "tag": "Asset",
          },
        ],
        "errors": Array [],
        "location": Array [
          0,
          0,
        ],
        "props": Object {},
      },
    ],
    "from": "BASE",
    "key": "Import-0",
    "mapping": Object {
      "overview": Object {
        "key": "overview",
        "type": "Room",
      },
      "power": Object {
        "key": "basePower",
        "type": "Variable",
      },
    },
    "tag": "Import",
  },
  "Test": Object {
    "appearances": Array [
      Object {
        "contents": Array [
          Object {
            "index": 0,
            "key": "Import-0",
            "tag": "Import",
          },
          Object {
            "index": 0,
            "key": "ABC",
            "tag": "Room",
          },
          Object {
            "index": 0,
            "key": "DEF",
            "tag": "Room",
          },
          Object {
            "index": 0,
            "key": "Condition-0",
            "tag": "Condition",
          },
          Object {
            "index": 0,
            "key": "open",
            "tag": "Variable",
          },
          Object {
            "index": 0,
            "key": "toggleOpen",
            "tag": "Action",
          },
          Object {
            "index": 0,
            "key": "closed",
            "tag": "Computed",
          },
        ],
        "contextStack": Array [],
        "description": undefined,
        "errors": Array [],
        "location": Array [
          0,
        ],
        "props": Object {},
      },
    ],
    "fileName": "test",
    "key": "Test",
    "player": undefined,
    "tag": "Asset",
    "zone": undefined,
  },
  "closed": Object {
    "appearances": Array [
      Object {
        "contents": Array [],
        "contextStack": Array [
          Object {
            "index": 0,
            "key": "Test",
            "tag": "Asset",
          },
        ],
        "errors": Array [],
        "location": Array [
          0,
          6,
        ],
        "props": Object {},
      },
    ],
    "dependencies": Array [
      "open",
    ],
    "key": "closed",
    "src": "!open",
    "tag": "Computed",
  },
  "open": Object {
    "appearances": Array [
      Object {
        "contents": Array [],
        "contextStack": Array [
          Object {
            "index": 0,
            "key": "Test",
            "tag": "Asset",
          },
        ],
        "errors": Array [],
        "location": Array [
          0,
          4,
        ],
        "props": Object {},
      },
    ],
    "default": "false",
    "key": "open",
    "tag": "Variable",
  },
  "overview": Object {
    "appearances": Array [
      Object {
        "contents": Array [],
        "contextStack": Array [
          Object {
            "index": 0,
            "key": "Test",
            "tag": "Asset",
          },
          Object {
            "index": 0,
            "key": "Import-0",
            "tag": "Import",
          },
        ],
        "location": Array [
          0,
          0,
          1,
        ],
      },
    ],
    "key": "overview",
    "tag": "Room",
  },
  "power": Object {
    "appearances": Array [
      Object {
        "contents": Array [],
        "contextStack": Array [
          Object {
            "index": 0,
            "key": "Test",
            "tag": "Asset",
          },
          Object {
            "index": 0,
            "key": "Import-0",
            "tag": "Import",
          },
        ],
        "location": Array [
          0,
          0,
          0,
        ],
      },
    ],
    "key": "power",
    "tag": "Variable",
  },
  "toggleOpen": Object {
    "appearances": Array [
      Object {
        "contents": Array [],
        "contextStack": Array [
          Object {
            "index": 0,
            "key": "Test",
            "tag": "Asset",
          },
        ],
        "errors": Array [],
        "location": Array [
          0,
          5,
        ],
        "props": Object {},
      },
    ],
    "key": "toggleOpen",
    "src": "open = !open",
    "tag": "Action",
  },
}
`;

exports[`normalize integration test (temporary) should correctly validate a character schema 1`] = `
Object {
  "Tess": Object {
    "Name": "Tess",
    "Pronouns": Object {
      "adjective": "hers",
      "object": "her",
      "possessive": "her",
      "reflexive": "herself",
      "subject": "she",
    },
    "appearances": Array [
      Object {
        "contents": Array [],
        "contextStack": Array [],
        "errors": Array [],
        "location": Array [
          0,
        ],
        "props": Object {},
      },
    ],
    "fileName": "Tess",
    "fileURL": "testIcon.png",
    "key": "Tess",
    "player": "testy",
    "tag": "Character",
    "zone": "Library",
  },
}
`;

exports[`normalize integration test (temporary) should correctly validate a map schema 1`] = `
Object {
  "ABC": Object {
    "appearances": Array [
      Object {
        "contents": Array [],
        "contextStack": Array [
          Object {
            "index": 0,
            "key": "Test",
            "tag": "Asset",
          },
          Object {
            "index": 0,
            "key": "TestMap",
            "tag": "Map",
          },
        ],
        "display": undefined,
        "errors": Array [],
        "location": Array [
          0,
          0,
          1,
        ],
        "props": Object {},
        "render": Array [],
        "spaceAfter": false,
        "spaceBefore": false,
      },
    ],
    "global": false,
    "key": "ABC",
    "tag": "Room",
  },
  "ImageTest": Object {
    "appearances": Array [
      Object {
        "contents": Array [],
        "contextStack": Array [
          Object {
            "index": 0,
            "key": "Test",
            "tag": "Asset",
          },
          Object {
            "index": 0,
            "key": "TestMap",
            "tag": "Map",
          },
        ],
        "errors": Array [],
        "location": Array [
          0,
          0,
          0,
        ],
        "props": Object {},
      },
    ],
    "fileURL": "https://test.com/imageTest.png",
    "key": "ImageTest",
    "tag": "Image",
  },
  "Test": Object {
    "Story": true,
    "appearances": Array [
      Object {
        "contents": Array [
          Object {
            "index": 0,
            "key": "TestMap",
            "tag": "Map",
          },
        ],
        "contextStack": Array [],
        "description": undefined,
        "errors": Array [],
        "location": Array [
          0,
        ],
        "props": Object {},
      },
    ],
    "fileName": "test",
    "instance": true,
    "key": "Test",
    "player": undefined,
    "tag": "Asset",
    "zone": undefined,
  },
  "TestMap": Object {
    "appearances": Array [
      Object {
        "contents": Array [
          Object {
            "index": 0,
            "key": "ImageTest",
            "tag": "Image",
          },
          Object {
            "index": 0,
            "key": "ABC",
            "tag": "Room",
          },
        ],
        "contextStack": Array [
          Object {
            "index": 0,
            "key": "Test",
            "tag": "Asset",
          },
        ],
        "errors": Array [],
        "images": Array [
          "ImageTest",
        ],
        "location": Array [
          0,
          0,
        ],
        "name": "Test Map",
        "props": Object {},
        "rooms": Object {
          "ABC": Object {
            "location": Array [
              0,
              0,
              1,
            ],
            "x": 200,
            "y": 150,
          },
        },
      },
    ],
    "key": "TestMap",
    "tag": "Map",
  },
}
`;
