// Jest Snapshot v1, https://goo.gl/fbAQLP

exports[`schemaFromParse should make a schema for a character correctly 1`] = `
Array [
  Object {
    "FirstImpression": undefined,
    "Name": "Tess",
    "OneCoolThing": "Fuchsia eyes",
    "Outfit": "A bulky frock-coat lovingly kit-bashed from a black hoodie and patchily dyed lace.",
    "Pronouns": Object {
      "adjective": "hers",
      "object": "her",
      "possessive": "her",
      "reflexive": "herself",
      "subject": "she",
    },
    "contents": Array [
      Object {
        "contents": Array [
          Object {
            "parse": Object {
              "endTagToken": 13,
              "startTagToken": 13,
              "tag": "String",
              "value": "Tess",
            },
            "tag": "String",
            "value": "Tess",
          },
        ],
        "parse": Object {
          "contents": Array [
            Object {
              "endTagToken": 13,
              "startTagToken": 13,
              "tag": "String",
              "value": "Tess",
            },
          ],
          "endTagToken": 14,
          "startTagToken": 11,
          "tag": "Name",
        },
        "tag": "Name",
      },
      Object {
        "contents": Array [
          Object {
            "parse": Object {
              "endTagToken": 21,
              "startTagToken": 21,
              "tag": "String",
              "value": "Fuchsia eyes",
            },
            "tag": "String",
            "value": "Fuchsia eyes",
          },
        ],
        "parse": Object {
          "contents": Array [
            Object {
              "endTagToken": 21,
              "startTagToken": 21,
              "tag": "String",
              "value": "Fuchsia eyes",
            },
          ],
          "endTagToken": 22,
          "startTagToken": 19,
          "tag": "OneCoolThing",
          "value": "Fuchsia eyes",
        },
        "tag": "OneCoolThing",
        "value": "Fuchsia eyes",
      },
      Object {
        "adjective": "hers",
        "object": "her",
        "parse": Object {
          "adjective": "hers",
          "endTagToken": 41,
          "object": "her",
          "possessive": "her",
          "reflexive": "herself",
          "startTagToken": 23,
          "subject": "she",
          "tag": "Pronouns",
        },
        "possessive": "her",
        "reflexive": "herself",
        "subject": "she",
        "tag": "Pronouns",
      },
      Object {
        "contents": Array [
          Object {
            "parse": Object {
              "endTagToken": 44,
              "startTagToken": 44,
              "tag": "String",
              "value": "A bulky frock-coat lovingly kit-bashed from a black hoodie and patchily dyed lace.",
            },
            "tag": "String",
            "value": "A bulky frock-coat lovingly kit-bashed from a black hoodie and patchily dyed lace.",
          },
        ],
        "parse": Object {
          "contents": Array [
            Object {
              "endTagToken": 44,
              "startTagToken": 44,
              "tag": "String",
              "value": "A bulky frock-coat lovingly kit-bashed from a black hoodie and patchily dyed lace.",
            },
          ],
          "endTagToken": 45,
          "startTagToken": 42,
          "tag": "Outfit",
          "value": "A bulky frock-coat lovingly kit-bashed from a black hoodie and patchily dyed lace.",
        },
        "tag": "Outfit",
        "value": "A bulky frock-coat lovingly kit-bashed from a black hoodie and patchily dyed lace.",
      },
      Object {
        "fileURL": "https://musique.opus-31.fr/images/aaa.png",
        "key": "testIcon",
        "parse": Object {
          "endTagToken": 54,
          "fileURL": "https://musique.opus-31.fr/images/aaa.png",
          "key": "testIcon",
          "startTagToken": 46,
          "tag": "Image",
        },
        "tag": "Image",
      },
    ],
    "fileName": "Tess",
    "fileURL": "https://musique.opus-31.fr/images/aaa.png",
    "key": "TESS",
    "parse": Object {
      "contents": Array [
        Object {
          "contents": Array [
            Object {
              "endTagToken": 13,
              "startTagToken": 13,
              "tag": "String",
              "value": "Tess",
            },
          ],
          "endTagToken": 14,
          "startTagToken": 11,
          "tag": "Name",
        },
        Object {
          "contents": Array [
            Object {
              "endTagToken": 21,
              "startTagToken": 21,
              "tag": "String",
              "value": "Fuchsia eyes",
            },
          ],
          "endTagToken": 22,
          "startTagToken": 19,
          "tag": "OneCoolThing",
          "value": "Fuchsia eyes",
        },
        Object {
          "adjective": "hers",
          "endTagToken": 41,
          "object": "her",
          "possessive": "her",
          "reflexive": "herself",
          "startTagToken": 23,
          "subject": "she",
          "tag": "Pronouns",
        },
        Object {
          "contents": Array [
            Object {
              "endTagToken": 44,
              "startTagToken": 44,
              "tag": "String",
              "value": "A bulky frock-coat lovingly kit-bashed from a black hoodie and patchily dyed lace.",
            },
          ],
          "endTagToken": 45,
          "startTagToken": 42,
          "tag": "Outfit",
          "value": "A bulky frock-coat lovingly kit-bashed from a black hoodie and patchily dyed lace.",
        },
        Object {
          "endTagToken": 54,
          "fileURL": "https://musique.opus-31.fr/images/aaa.png",
          "key": "testIcon",
          "startTagToken": 46,
          "tag": "Image",
        },
      ],
      "endTagToken": 55,
      "fileName": "Tess",
      "key": "TESS",
      "player": "TonyLB",
      "startTagToken": 0,
      "tag": "Character",
    },
    "player": "TonyLB",
    "subFolder": undefined,
    "tag": "Character",
    "zone": undefined,
  },
]
`;

exports[`schemaFromParse should make a schema from parse elements correctly 1`] = `
Array [
  Object {
    "Story": undefined,
    "contents": Array [
      Object {
        "from": "BASE",
        "mapping": Object {
          "overview": Object {
            "key": "overview",
            "type": "Room",
          },
          "power": Object {
            "key": "basePower",
            "type": "Variable",
          },
        },
        "parse": Object {
          "contents": Array [
            Object {
              "as": "power",
              "endTagToken": 24,
              "key": "basePower",
              "startTagToken": 13,
              "tag": "Use",
              "type": "Variable",
            },
            Object {
              "endTagToken": 33,
              "key": "overview",
              "startTagToken": 25,
              "tag": "Use",
              "type": "Room",
            },
          ],
          "endTagToken": 34,
          "from": "BASE",
          "startTagToken": 8,
          "tag": "Import",
        },
        "tag": "Import",
      },
      Object {
        "contents": Array [
          Object {
            "contents": Array [
              Object {
                "parse": Object {
                  "endTagToken": 49,
                  "startTagToken": 47,
                  "tag": "Space",
                },
                "tag": "Space",
              },
              Object {
                "parse": Object {
                  "endTagToken": 51,
                  "startTagToken": 51,
                  "tag": "String",
                  "value": "Vortex",
                },
                "tag": "String",
                "value": "Vortex",
              },
              Object {
                "parse": Object {
                  "contents": Array [
                    Object {
                      "endTagToken": 58,
                      "startTagToken": 58,
                      "tag": "String",
                      "value": "(toggle)",
                    },
                  ],
                  "endTagToken": 59,
                  "startTagToken": 53,
                  "tag": "Link",
                  "to": "toggleOpen",
                },
                "tag": "Link",
                "text": "(toggle)",
                "to": "toggleOpen",
              },
            ],
            "display": undefined,
            "parse": Object {
              "contents": Array [
                Object {
                  "endTagToken": 46,
                  "startTagToken": 46,
                  "tag": "Whitespace",
                },
                Object {
                  "endTagToken": 49,
                  "startTagToken": 47,
                  "tag": "Space",
                },
                Object {
                  "endTagToken": 50,
                  "startTagToken": 50,
                  "tag": "Whitespace",
                },
                Object {
                  "endTagToken": 51,
                  "startTagToken": 51,
                  "tag": "String",
                  "value": "Vortex",
                },
                Object {
                  "endTagToken": 52,
                  "startTagToken": 52,
                  "tag": "Whitespace",
                },
                Object {
                  "contents": Array [
                    Object {
                      "endTagToken": 58,
                      "startTagToken": 58,
                      "tag": "String",
                      "value": "(toggle)",
                    },
                  ],
                  "endTagToken": 59,
                  "startTagToken": 53,
                  "tag": "Link",
                  "to": "toggleOpen",
                },
                Object {
                  "endTagToken": 60,
                  "startTagToken": 60,
                  "tag": "Whitespace",
                },
              ],
              "endTagToken": 61,
              "startTagToken": 44,
              "tag": "Description",
            },
            "tag": "Description",
          },
          Object {
            "contents": Array [
              Object {
                "parse": Object {
                  "endTagToken": 67,
                  "startTagToken": 67,
                  "tag": "String",
                  "value": "vortex",
                },
                "tag": "String",
                "value": "vortex",
              },
            ],
            "from": "DEF",
            "key": "DEF#ABC",
            "name": "vortex",
            "parse": Object {
              "contents": Array [
                Object {
                  "endTagToken": 67,
                  "startTagToken": 67,
                  "tag": "String",
                  "value": "vortex",
                },
              ],
              "endTagToken": 68,
              "from": "DEF",
              "key": "DEF#ABC",
              "startTagToken": 62,
              "tag": "Exit",
              "to": "ABC",
            },
            "tag": "Exit",
            "to": "ABC",
          },
        ],
        "display": undefined,
        "global": undefined,
        "key": "ABC",
        "name": Array [
          Object {
            "parse": Object {
              "endTagToken": 42,
              "startTagToken": 42,
              "tag": "String",
              "value": "Vortex",
            },
            "tag": "String",
            "value": "Vortex",
          },
        ],
        "parse": Object {
          "contents": Array [
            Object {
              "contents": Array [
                Object {
                  "endTagToken": 42,
                  "startTagToken": 42,
                  "tag": "String",
                  "value": "Vortex",
                },
              ],
              "endTagToken": 43,
              "startTagToken": 40,
              "tag": "Name",
            },
            Object {
              "contents": Array [
                Object {
                  "endTagToken": 46,
                  "startTagToken": 46,
                  "tag": "Whitespace",
                },
                Object {
                  "endTagToken": 49,
                  "startTagToken": 47,
                  "tag": "Space",
                },
                Object {
                  "endTagToken": 50,
                  "startTagToken": 50,
                  "tag": "Whitespace",
                },
                Object {
                  "endTagToken": 51,
                  "startTagToken": 51,
                  "tag": "String",
                  "value": "Vortex",
                },
                Object {
                  "endTagToken": 52,
                  "startTagToken": 52,
                  "tag": "Whitespace",
                },
                Object {
                  "contents": Array [
                    Object {
                      "endTagToken": 58,
                      "startTagToken": 58,
                      "tag": "String",
                      "value": "(toggle)",
                    },
                  ],
                  "endTagToken": 59,
                  "startTagToken": 53,
                  "tag": "Link",
                  "to": "toggleOpen",
                },
                Object {
                  "endTagToken": 60,
                  "startTagToken": 60,
                  "tag": "Whitespace",
                },
              ],
              "endTagToken": 61,
              "startTagToken": 44,
              "tag": "Description",
            },
            Object {
              "contents": Array [
                Object {
                  "endTagToken": 67,
                  "startTagToken": 67,
                  "tag": "String",
                  "value": "vortex",
                },
              ],
              "endTagToken": 68,
              "from": "DEF",
              "key": "DEF#ABC",
              "startTagToken": 62,
              "tag": "Exit",
              "to": "ABC",
            },
          ],
          "endTagToken": 69,
          "key": "ABC",
          "startTagToken": 35,
          "tag": "Room",
          "x": undefined,
          "y": undefined,
        },
        "render": Array [
          Object {
            "parse": Object {
              "endTagToken": 49,
              "startTagToken": 47,
              "tag": "Space",
            },
            "tag": "Space",
          },
          Object {
            "parse": Object {
              "endTagToken": 51,
              "startTagToken": 51,
              "tag": "String",
              "value": "Vortex",
            },
            "tag": "String",
            "value": "Vortex",
          },
          Object {
            "parse": Object {
              "contents": Array [
                Object {
                  "endTagToken": 58,
                  "startTagToken": 58,
                  "tag": "String",
                  "value": "(toggle)",
                },
              ],
              "endTagToken": 59,
              "startTagToken": 53,
              "tag": "Link",
              "to": "toggleOpen",
            },
            "tag": "Link",
            "text": "(toggle)",
            "to": "toggleOpen",
          },
        ],
        "tag": "Room",
        "x": undefined,
        "y": undefined,
      },
      Object {
        "contents": Array [
          Object {
            "contents": Array [
              Object {
                "contents": Array [
                  Object {
                    "parse": Object {
                      "endTagToken": 91,
                      "startTagToken": 91,
                      "tag": "String",
                      "value": "welcome",
                    },
                    "tag": "String",
                    "value": "welcome",
                  },
                ],
                "from": "ABC",
                "key": "ABC#DEF",
                "name": "welcome",
                "parse": Object {
                  "contents": Array [
                    Object {
                      "endTagToken": 91,
                      "startTagToken": 91,
                      "tag": "String",
                      "value": "welcome",
                    },
                  ],
                  "endTagToken": 92,
                  "from": "ABC",
                  "key": "ABC#DEF",
                  "startTagToken": 86,
                  "tag": "Exit",
                  "to": "DEF",
                },
                "tag": "Exit",
                "to": "DEF",
              },
            ],
            "display": undefined,
            "global": undefined,
            "key": "ABC",
            "name": Array [],
            "parse": Object {
              "contents": Array [
                Object {
                  "contents": Array [
                    Object {
                      "endTagToken": 91,
                      "startTagToken": 91,
                      "tag": "String",
                      "value": "welcome",
                    },
                  ],
                  "endTagToken": 92,
                  "from": "ABC",
                  "key": "ABC#DEF",
                  "startTagToken": 86,
                  "tag": "Exit",
                  "to": "DEF",
                },
              ],
              "endTagToken": 93,
              "key": "ABC",
              "startTagToken": 81,
              "tag": "Room",
              "x": undefined,
              "y": undefined,
            },
            "render": Array [],
            "tag": "Room",
            "x": undefined,
            "y": undefined,
          },
        ],
        "dependencies": Array [
          "open",
        ],
        "if": "open",
        "parse": Object {
          "contents": Array [
            Object {
              "contents": Array [
                Object {
                  "contents": Array [
                    Object {
                      "endTagToken": 91,
                      "startTagToken": 91,
                      "tag": "String",
                      "value": "welcome",
                    },
                  ],
                  "endTagToken": 92,
                  "from": "ABC",
                  "key": "ABC#DEF",
                  "startTagToken": 86,
                  "tag": "Exit",
                  "to": "DEF",
                },
              ],
              "endTagToken": 93,
              "key": "ABC",
              "startTagToken": 81,
              "tag": "Room",
              "x": undefined,
              "y": undefined,
            },
          ],
          "dependencies": Array [
            Object {
              "endTagToken": 80,
              "on": "open",
              "startTagToken": 75,
              "tag": "Depend",
            },
          ],
          "endTagToken": 94,
          "if": "open",
          "startTagToken": 70,
          "tag": "Condition",
        },
        "tag": "Condition",
      },
      Object {
        "contents": Array [],
        "display": undefined,
        "global": undefined,
        "key": "DEF",
        "name": Array [
          Object {
            "parse": Object {
              "endTagToken": 102,
              "startTagToken": 102,
              "tag": "String",
              "value": "Welcome",
            },
            "tag": "String",
            "value": "Welcome",
          },
        ],
        "parse": Object {
          "contents": Array [
            Object {
              "contents": Array [
                Object {
                  "endTagToken": 102,
                  "startTagToken": 102,
                  "tag": "String",
                  "value": "Welcome",
                },
              ],
              "endTagToken": 103,
              "startTagToken": 100,
              "tag": "Name",
            },
          ],
          "endTagToken": 104,
          "key": "DEF",
          "startTagToken": 95,
          "tag": "Room",
          "x": undefined,
          "y": undefined,
        },
        "render": Array [],
        "tag": "Room",
        "x": undefined,
        "y": undefined,
      },
      Object {
        "default": "false",
        "key": "open",
        "parse": Object {
          "default": "false",
          "endTagToken": 113,
          "key": "open",
          "startTagToken": 105,
          "tag": "Variable",
        },
        "tag": "Variable",
      },
      Object {
        "key": "toggleOpen",
        "parse": Object {
          "endTagToken": 122,
          "key": "toggleOpen",
          "src": "open = !open",
          "startTagToken": 114,
          "tag": "Action",
        },
        "src": "open = !open",
        "tag": "Action",
      },
      Object {
        "dependencies": Array [
          "open",
        ],
        "key": "closed",
        "parse": Object {
          "dependencies": Array [
            Object {
              "endTagToken": 136,
              "on": "open",
              "startTagToken": 131,
              "tag": "Depend",
            },
          ],
          "endTagToken": 137,
          "key": "closed",
          "src": "!open",
          "startTagToken": 123,
          "tag": "Computed",
        },
        "src": "!open",
        "tag": "Computed",
      },
    ],
    "fileName": "test",
    "key": "Test",
    "parse": Object {
      "contents": Array [
        Object {
          "contents": Array [
            Object {
              "as": "power",
              "endTagToken": 24,
              "key": "basePower",
              "startTagToken": 13,
              "tag": "Use",
              "type": "Variable",
            },
            Object {
              "endTagToken": 33,
              "key": "overview",
              "startTagToken": 25,
              "tag": "Use",
              "type": "Room",
            },
          ],
          "endTagToken": 34,
          "from": "BASE",
          "startTagToken": 8,
          "tag": "Import",
        },
        Object {
          "contents": Array [
            Object {
              "contents": Array [
                Object {
                  "endTagToken": 42,
                  "startTagToken": 42,
                  "tag": "String",
                  "value": "Vortex",
                },
              ],
              "endTagToken": 43,
              "startTagToken": 40,
              "tag": "Name",
            },
            Object {
              "contents": Array [
                Object {
                  "endTagToken": 46,
                  "startTagToken": 46,
                  "tag": "Whitespace",
                },
                Object {
                  "endTagToken": 49,
                  "startTagToken": 47,
                  "tag": "Space",
                },
                Object {
                  "endTagToken": 50,
                  "startTagToken": 50,
                  "tag": "Whitespace",
                },
                Object {
                  "endTagToken": 51,
                  "startTagToken": 51,
                  "tag": "String",
                  "value": "Vortex",
                },
                Object {
                  "endTagToken": 52,
                  "startTagToken": 52,
                  "tag": "Whitespace",
                },
                Object {
                  "contents": Array [
                    Object {
                      "endTagToken": 58,
                      "startTagToken": 58,
                      "tag": "String",
                      "value": "(toggle)",
                    },
                  ],
                  "endTagToken": 59,
                  "startTagToken": 53,
                  "tag": "Link",
                  "to": "toggleOpen",
                },
                Object {
                  "endTagToken": 60,
                  "startTagToken": 60,
                  "tag": "Whitespace",
                },
              ],
              "endTagToken": 61,
              "startTagToken": 44,
              "tag": "Description",
            },
            Object {
              "contents": Array [
                Object {
                  "endTagToken": 67,
                  "startTagToken": 67,
                  "tag": "String",
                  "value": "vortex",
                },
              ],
              "endTagToken": 68,
              "from": "DEF",
              "key": "DEF#ABC",
              "startTagToken": 62,
              "tag": "Exit",
              "to": "ABC",
            },
          ],
          "endTagToken": 69,
          "key": "ABC",
          "startTagToken": 35,
          "tag": "Room",
          "x": undefined,
          "y": undefined,
        },
        Object {
          "contents": Array [
            Object {
              "contents": Array [
                Object {
                  "contents": Array [
                    Object {
                      "endTagToken": 91,
                      "startTagToken": 91,
                      "tag": "String",
                      "value": "welcome",
                    },
                  ],
                  "endTagToken": 92,
                  "from": "ABC",
                  "key": "ABC#DEF",
                  "startTagToken": 86,
                  "tag": "Exit",
                  "to": "DEF",
                },
              ],
              "endTagToken": 93,
              "key": "ABC",
              "startTagToken": 81,
              "tag": "Room",
              "x": undefined,
              "y": undefined,
            },
          ],
          "dependencies": Array [
            Object {
              "endTagToken": 80,
              "on": "open",
              "startTagToken": 75,
              "tag": "Depend",
            },
          ],
          "endTagToken": 94,
          "if": "open",
          "startTagToken": 70,
          "tag": "Condition",
        },
        Object {
          "contents": Array [
            Object {
              "contents": Array [
                Object {
                  "endTagToken": 102,
                  "startTagToken": 102,
                  "tag": "String",
                  "value": "Welcome",
                },
              ],
              "endTagToken": 103,
              "startTagToken": 100,
              "tag": "Name",
            },
          ],
          "endTagToken": 104,
          "key": "DEF",
          "startTagToken": 95,
          "tag": "Room",
          "x": undefined,
          "y": undefined,
        },
        Object {
          "default": "false",
          "endTagToken": 113,
          "key": "open",
          "startTagToken": 105,
          "tag": "Variable",
        },
        Object {
          "endTagToken": 122,
          "key": "toggleOpen",
          "src": "open = !open",
          "startTagToken": 114,
          "tag": "Action",
        },
        Object {
          "dependencies": Array [
            Object {
              "endTagToken": 136,
              "on": "open",
              "startTagToken": 131,
              "tag": "Depend",
            },
          ],
          "endTagToken": 137,
          "key": "closed",
          "src": "!open",
          "startTagToken": 123,
          "tag": "Computed",
        },
      ],
      "endTagToken": 138,
      "fileName": "test",
      "key": "Test",
      "startTagToken": 0,
      "tag": "Asset",
    },
    "player": undefined,
    "subFolder": undefined,
    "tag": "Asset",
    "zone": undefined,
  },
]
`;
