// Jest Snapshot v1, https://goo.gl/fbAQLP

exports[`depthFirstParseTagGenerator should properly spool out nested tags 1`] = `
Array [
  Object {
    "endTagToken": 16,
    "startTagToken": 16,
    "tag": "String",
    "value": "Vortex",
  },
  Object {
    "contents": Array [
      Object {
        "endTagToken": 16,
        "startTagToken": 16,
        "tag": "String",
        "value": "Vortex",
      },
    ],
    "endTagToken": 17,
    "startTagToken": 14,
    "tag": "Name",
  },
  Object {
    "endTagToken": 20,
    "startTagToken": 20,
    "tag": "String",
    "value": "Vortex",
  },
  Object {
    "contents": Array [
      Object {
        "endTagToken": 20,
        "startTagToken": 20,
        "tag": "String",
        "value": "Vortex",
      },
    ],
    "endTagToken": 21,
    "startTagToken": 18,
    "tag": "Description",
  },
  Object {
    "contents": Array [
      Object {
        "contents": Array [
          Object {
            "endTagToken": 16,
            "startTagToken": 16,
            "tag": "String",
            "value": "Vortex",
          },
        ],
        "endTagToken": 17,
        "startTagToken": 14,
        "tag": "Name",
      },
      Object {
        "contents": Array [
          Object {
            "endTagToken": 20,
            "startTagToken": 20,
            "tag": "String",
            "value": "Vortex",
          },
        ],
        "endTagToken": 21,
        "startTagToken": 18,
        "tag": "Description",
      },
    ],
    "endTagToken": 22,
    "key": "ABC",
    "startTagToken": 9,
    "tag": "Room",
  },
  Object {
    "contents": Array [
      Object {
        "contents": Array [
          Object {
            "contents": Array [
              Object {
                "endTagToken": 16,
                "startTagToken": 16,
                "tag": "String",
                "value": "Vortex",
              },
            ],
            "endTagToken": 17,
            "startTagToken": 14,
            "tag": "Name",
          },
          Object {
            "contents": Array [
              Object {
                "endTagToken": 20,
                "startTagToken": 20,
                "tag": "String",
                "value": "Vortex",
              },
            ],
            "endTagToken": 21,
            "startTagToken": 18,
            "tag": "Description",
          },
        ],
        "endTagToken": 22,
        "key": "ABC",
        "startTagToken": 9,
        "tag": "Room",
      },
    ],
    "endTagToken": 23,
    "fileName": "test",
    "instance": true,
    "key": "Test",
    "startTagToken": 0,
    "tag": "Story",
  },
]
`;
