// Jest Snapshot v1, https://goo.gl/fbAQLP

exports[`descriptionTokenizer should tokenize to end of source 1`] = `
Object {
  "endIdx": 4,
  "source": "Test",
  "startIdx": 0,
  "type": "Description",
}
`;

exports[`descriptionTokenizer should tokenize to the next tag 1`] = `
Object {
  "endIdx": 4,
  "source": "Test",
  "startIdx": 0,
  "type": "Description",
}
`;

exports[`descriptionTokenizer should tokenize to the next whitespace 1`] = `
Object {
  "endIdx": 4,
  "source": "Test",
  "startIdx": 0,
  "type": "Description",
}
`;
