// Jest Snapshot v1, https://goo.gl/fbAQLP

exports[`EditSchema should provide value for children 1`] = `"Test"`;

exports[`EditSubListSchema should extract an indexed value from node children 1`] = `"Test2"`;
