// Jest Snapshot v1, https://goo.gl/fbAQLP

exports[`wmlQuery selector should correctly select ancestor chain 1`] = `
Array [
  Object {
    "contents": Array [
      Object {
        "end": 86,
        "start": 82,
        "type": "string",
        "value": "Tess",
      },
    ],
    "contentsEnd": 86,
    "contentsStart": 82,
    "end": 93,
    "props": Object {},
    "start": 76,
    "tag": "Name",
    "tagEnd": 81,
    "type": "tag",
  },
]
`;

exports[`wmlQuery selector should correctly select leaf node 1`] = `
Array [
  Object {
    "contents": Array [
      Object {
        "end": 86,
        "start": 82,
        "type": "string",
        "value": "Tess",
      },
    ],
    "contentsEnd": 86,
    "contentsStart": 82,
    "end": 93,
    "props": Object {},
    "start": 76,
    "tag": "Name",
    "tagEnd": 81,
    "type": "tag",
  },
]
`;

exports[`wmlQuery selector should correctly select root node 1`] = `
Array [
  Object {
    "contents": Array [
      Object {
        "contents": Array [
          Object {
            "end": 86,
            "start": 82,
            "type": "string",
            "value": "Tess",
          },
        ],
        "contentsEnd": 86,
        "contentsStart": 82,
        "end": 93,
        "props": Object {},
        "start": 76,
        "tag": "Name",
        "tagEnd": 81,
        "type": "tag",
      },
      Object {
        "contents": Array [],
        "contentsEnd": 290,
        "contentsStart": 290,
        "end": 301,
        "props": Object {
          "adjective": Object {
            "end": 240,
            "start": 224,
            "value": "hers",
            "valueEnd": 239,
            "valueStart": 235,
          },
          "object": Object {
            "end": 174,
            "start": 162,
            "value": "her",
            "valueEnd": 173,
            "valueStart": 170,
          },
          "possessive": Object {
            "end": 207,
            "start": 191,
            "value": "her",
            "valueEnd": 206,
            "valueStart": 203,
          },
          "reflexive": Object {
            "end": 276,
            "start": 257,
            "value": "herself",
            "valueEnd": 275,
            "valueStart": 268,
          },
          "subject": Object {
            "end": 145,
            "start": 132,
            "value": "she",
            "valueEnd": 144,
            "valueStart": 141,
          },
        },
        "start": 106,
        "tag": "Pronouns",
        "tagEnd": 115,
        "type": "tag",
      },
      Object {
        "contents": Array [
          Object {
            "end": 342,
            "start": 331,
            "type": "string",
            "value": "Frumpy Goth",
          },
        ],
        "contentsEnd": 342,
        "contentsStart": 331,
        "end": 360,
        "props": Object {},
        "start": 314,
        "tag": "FirstImpression",
        "tagEnd": 330,
        "type": "tag",
      },
      Object {
        "contents": Array [
          Object {
            "end": 399,
            "start": 387,
            "type": "string",
            "value": "Fuchsia eyes",
          },
        ],
        "contentsEnd": 399,
        "contentsStart": 387,
        "end": 414,
        "props": Object {},
        "start": 373,
        "tag": "OneCoolThing",
        "tagEnd": 386,
        "type": "tag",
      },
      Object {
        "contents": Array [
          Object {
            "end": 517,
            "start": 435,
            "type": "string",
            "value": "A bulky frock-coat lovingly kit-bashed from a black hoodie and patchily dyed lace.",
          },
        ],
        "contentsEnd": 517,
        "contentsStart": 435,
        "end": 526,
        "props": Object {},
        "start": 427,
        "tag": "Outfit",
        "tagEnd": 434,
        "type": "tag",
      },
    ],
    "contentsEnd": 535,
    "contentsStart": 63,
    "end": 547,
    "props": Object {
      "fileName": Object {
        "end": 46,
        "start": 31,
        "value": "Tess",
        "valueEnd": 45,
        "valueStart": 41,
      },
      "key": Object {
        "end": 30,
        "start": 20,
        "value": "TESS",
        "valueEnd": 29,
        "valueStart": 25,
      },
      "player": Object {
        "end": 62,
        "start": 47,
        "value": "TonyLB",
        "valueEnd": 61,
        "valueStart": 55,
      },
    },
    "start": 9,
    "tag": "Character",
    "tagEnd": 19,
    "type": "tag",
  },
]
`;

exports[`wmlQuery selector should correctly subset by property 1`] = `
Array [
  Object {
    "contents": Array [
      Object {
        "contents": Array [
          Object {
            "end": 150,
            "start": 117,
            "type": "string",
            "value": "Test Render:
                    ",
          },
          Object {
            "contents": Array [
              Object {
                "end": 194,
                "start": 183,
                "type": "string",
                "value": "Clock Tower",
              },
            ],
            "contentsEnd": 194,
            "contentsStart": 183,
            "end": 201,
            "props": Object {
              "key": Object {
                "end": 166,
                "start": 156,
                "value": "a123",
                "valueEnd": 165,
                "valueStart": 161,
              },
              "to": Object {
                "end": 182,
                "start": 167,
                "value": "clockTower",
                "valueEnd": 181,
                "valueStart": 171,
              },
            },
            "start": 150,
            "tag": "Link",
            "tagEnd": 155,
            "type": "tag",
          },
        ],
        "contentsEnd": 218,
        "contentsStart": 96,
        "end": 232,
        "props": Object {},
        "start": 83,
        "tag": "Description",
        "tagEnd": 95,
        "type": "tag",
      },
      Object {
        "contents": Array [
          Object {
            "end": 269,
            "start": 265,
            "type": "string",
            "value": "test",
          },
        ],
        "contentsEnd": 269,
        "contentsStart": 265,
        "end": 276,
        "props": Object {
          "to": Object {
            "end": 264,
            "start": 255,
            "value": "Test",
            "valueEnd": 263,
            "valueStart": 259,
          },
        },
        "start": 249,
        "tag": "Exit",
        "tagEnd": 254,
        "type": "tag",
      },
      Object {
        "contents": Array [
          Object {
            "end": 317,
            "start": 311,
            "type": "string",
            "value": "vortex",
          },
        ],
        "contentsEnd": 317,
        "contentsStart": 311,
        "end": 324,
        "props": Object {
          "from": Object {
            "end": 310,
            "start": 299,
            "value": "Test",
            "valueEnd": 309,
            "valueStart": 305,
          },
        },
        "start": 293,
        "tag": "Exit",
        "tagEnd": 298,
        "type": "tag",
      },
    ],
    "contentsEnd": 337,
    "contentsStart": 66,
    "end": 344,
    "props": Object {
      "global": Object {
        "end": 65,
        "start": 59,
        "value": true,
      },
      "key": Object {
        "end": 58,
        "start": 46,
        "value": "VORTEX",
        "valueEnd": 57,
        "valueStart": 51,
      },
    },
    "start": 40,
    "tag": "Room",
    "tagEnd": 45,
    "type": "tag",
  },
]
`;

exports[`wmlQuery selector should properly chain complex predicates 1`] = `
Array [
  Object {
    "contents": Array [
      Object {
        "end": 269,
        "start": 265,
        "type": "string",
        "value": "test",
      },
    ],
    "contentsEnd": 269,
    "contentsStart": 265,
    "end": 276,
    "props": Object {
      "to": Object {
        "end": 264,
        "start": 255,
        "value": "Test",
        "valueEnd": 263,
        "valueStart": 259,
      },
    },
    "start": 249,
    "tag": "Exit",
    "tagEnd": 254,
    "type": "tag",
  },
]
`;

exports[`wmlQuery selector should properly select :first filter 1`] = `
Array [
  Object {
    "contents": Array [
      Object {
        "end": 269,
        "start": 265,
        "type": "string",
        "value": "test",
      },
    ],
    "contentsEnd": 269,
    "contentsStart": 265,
    "end": 276,
    "props": Object {
      "to": Object {
        "end": 264,
        "start": 255,
        "value": "Test",
        "valueEnd": 263,
        "valueStart": 259,
      },
    },
    "start": 249,
    "tag": "Exit",
    "tagEnd": 254,
    "type": "tag",
  },
]
`;

exports[`wmlQuery selector should properly select boolean or 1`] = `
Array [
  Object {
    "contents": Array [
      Object {
        "end": 150,
        "start": 117,
        "type": "string",
        "value": "Test Render:
                    ",
      },
      Object {
        "contents": Array [
          Object {
            "end": 194,
            "start": 183,
            "type": "string",
            "value": "Clock Tower",
          },
        ],
        "contentsEnd": 194,
        "contentsStart": 183,
        "end": 201,
        "props": Object {
          "key": Object {
            "end": 166,
            "start": 156,
            "value": "a123",
            "valueEnd": 165,
            "valueStart": 161,
          },
          "to": Object {
            "end": 182,
            "start": 167,
            "value": "clockTower",
            "valueEnd": 181,
            "valueStart": 171,
          },
        },
        "start": 150,
        "tag": "Link",
        "tagEnd": 155,
        "type": "tag",
      },
    ],
    "contentsEnd": 218,
    "contentsStart": 96,
    "end": 232,
    "props": Object {},
    "start": 83,
    "tag": "Description",
    "tagEnd": 95,
    "type": "tag",
  },
  Object {
    "contents": Array [
      Object {
        "end": 556,
        "start": 466,
        "type": "string",
        "value": "Clocktower
                    test
                    on multiple lines
                ",
      },
    ],
    "contentsEnd": 556,
    "contentsStart": 445,
    "end": 570,
    "props": Object {},
    "start": 432,
    "tag": "Description",
    "tagEnd": 444,
    "type": "tag",
  },
]
`;

exports[`wmlQuery selector should properly select boolean or of chained selectors 1`] = `
Array [
  Object {
    "contents": Array [
      Object {
        "end": 269,
        "start": 265,
        "type": "string",
        "value": "test",
      },
    ],
    "contentsEnd": 269,
    "contentsStart": 265,
    "end": 276,
    "props": Object {
      "to": Object {
        "end": 264,
        "start": 255,
        "value": "Test",
        "valueEnd": 263,
        "valueStart": 259,
      },
    },
    "start": 249,
    "tag": "Exit",
    "tagEnd": 254,
    "type": "tag",
  },
  Object {
    "contents": Array [
      Object {
        "end": 317,
        "start": 311,
        "type": "string",
        "value": "vortex",
      },
    ],
    "contentsEnd": 317,
    "contentsStart": 311,
    "end": 324,
    "props": Object {
      "from": Object {
        "end": 310,
        "start": 299,
        "value": "Test",
        "valueEnd": 309,
        "valueStart": 305,
      },
    },
    "start": 293,
    "tag": "Exit",
    "tagEnd": 298,
    "type": "tag",
  },
  Object {
    "contents": Array [
      Object {
        "end": 556,
        "start": 466,
        "type": "string",
        "value": "Clocktower
                    test
                    on multiple lines
                ",
      },
    ],
    "contentsEnd": 556,
    "contentsStart": 445,
    "end": 570,
    "props": Object {},
    "start": 432,
    "tag": "Description",
    "tagEnd": 444,
    "type": "tag",
  },
]
`;

exports[`wmlQuery selector should properly select grouped operators 1`] = `
Array [
  Object {
    "contents": Array [
      Object {
        "end": 150,
        "start": 117,
        "type": "string",
        "value": "Test Render:
                    ",
      },
      Object {
        "contents": Array [
          Object {
            "end": 194,
            "start": 183,
            "type": "string",
            "value": "Clock Tower",
          },
        ],
        "contentsEnd": 194,
        "contentsStart": 183,
        "end": 201,
        "props": Object {
          "key": Object {
            "end": 166,
            "start": 156,
            "value": "a123",
            "valueEnd": 165,
            "valueStart": 161,
          },
          "to": Object {
            "end": 182,
            "start": 167,
            "value": "clockTower",
            "valueEnd": 181,
            "valueStart": 171,
          },
        },
        "start": 150,
        "tag": "Link",
        "tagEnd": 155,
        "type": "tag",
      },
    ],
    "contentsEnd": 218,
    "contentsStart": 96,
    "end": 232,
    "props": Object {},
    "start": 83,
    "tag": "Description",
    "tagEnd": 95,
    "type": "tag",
  },
]
`;

exports[`wmlQuery selector should properly select nested :nthChild filters 1`] = `
Array [
  Object {
    "contents": Array [
      Object {
        "end": 317,
        "start": 311,
        "type": "string",
        "value": "vortex",
      },
    ],
    "contentsEnd": 317,
    "contentsStart": 311,
    "end": 324,
    "props": Object {
      "from": Object {
        "end": 310,
        "start": 299,
        "value": "Test",
        "valueEnd": 309,
        "valueStart": 305,
      },
    },
    "start": 293,
    "tag": "Exit",
    "tagEnd": 298,
    "type": "tag",
  },
]
`;

exports[`wmlQuery selector should properly select one level :nthChild filter 1`] = `
Array [
  Object {
    "contents": Array [],
    "end": 376,
    "props": Object {
      "key": Object {
        "end": 373,
        "start": 363,
        "value": "Test",
        "valueEnd": 372,
        "valueStart": 368,
      },
    },
    "start": 357,
    "tag": "Room",
    "tagEnd": 362,
    "type": "tag",
  },
]
`;

exports[`wmlQuery selector should return a list for multiple matches 1`] = `
Array [
  Object {
    "contents": Array [
      Object {
        "contents": Array [
          Object {
            "end": 150,
            "start": 117,
            "type": "string",
            "value": "Test Render:
                    ",
          },
          Object {
            "contents": Array [
              Object {
                "end": 194,
                "start": 183,
                "type": "string",
                "value": "Clock Tower",
              },
            ],
            "contentsEnd": 194,
            "contentsStart": 183,
            "end": 201,
            "props": Object {
              "key": Object {
                "end": 166,
                "start": 156,
                "value": "a123",
                "valueEnd": 165,
                "valueStart": 161,
              },
              "to": Object {
                "end": 182,
                "start": 167,
                "value": "clockTower",
                "valueEnd": 181,
                "valueStart": 171,
              },
            },
            "start": 150,
            "tag": "Link",
            "tagEnd": 155,
            "type": "tag",
          },
        ],
        "contentsEnd": 218,
        "contentsStart": 96,
        "end": 232,
        "props": Object {},
        "start": 83,
        "tag": "Description",
        "tagEnd": 95,
        "type": "tag",
      },
      Object {
        "contents": Array [
          Object {
            "end": 269,
            "start": 265,
            "type": "string",
            "value": "test",
          },
        ],
        "contentsEnd": 269,
        "contentsStart": 265,
        "end": 276,
        "props": Object {
          "to": Object {
            "end": 264,
            "start": 255,
            "value": "Test",
            "valueEnd": 263,
            "valueStart": 259,
          },
        },
        "start": 249,
        "tag": "Exit",
        "tagEnd": 254,
        "type": "tag",
      },
      Object {
        "contents": Array [
          Object {
            "end": 317,
            "start": 311,
            "type": "string",
            "value": "vortex",
          },
        ],
        "contentsEnd": 317,
        "contentsStart": 311,
        "end": 324,
        "props": Object {
          "from": Object {
            "end": 310,
            "start": 299,
            "value": "Test",
            "valueEnd": 309,
            "valueStart": 305,
          },
        },
        "start": 293,
        "tag": "Exit",
        "tagEnd": 298,
        "type": "tag",
      },
    ],
    "contentsEnd": 337,
    "contentsStart": 66,
    "end": 344,
    "props": Object {
      "global": Object {
        "end": 65,
        "start": 59,
        "value": true,
      },
      "key": Object {
        "end": 58,
        "start": 46,
        "value": "VORTEX",
        "valueEnd": 57,
        "valueStart": 51,
      },
    },
    "start": 40,
    "tag": "Room",
    "tagEnd": 45,
    "type": "tag",
  },
  Object {
    "contents": Array [],
    "end": 376,
    "props": Object {
      "key": Object {
        "end": 373,
        "start": 363,
        "value": "Test",
        "valueEnd": 372,
        "valueStart": 368,
      },
    },
    "start": 357,
    "tag": "Room",
    "tagEnd": 362,
    "type": "tag",
  },
]
`;

exports[`wmlQuery selector should select root node when passed empty string 1`] = `
Array [
  Object {
    "contents": Array [
      Object {
        "contents": Array [
          Object {
            "end": 86,
            "start": 82,
            "type": "string",
            "value": "Tess",
          },
        ],
        "contentsEnd": 86,
        "contentsStart": 82,
        "end": 93,
        "props": Object {},
        "start": 76,
        "tag": "Name",
        "tagEnd": 81,
        "type": "tag",
      },
      Object {
        "contents": Array [],
        "contentsEnd": 290,
        "contentsStart": 290,
        "end": 301,
        "props": Object {
          "adjective": Object {
            "end": 240,
            "start": 224,
            "value": "hers",
            "valueEnd": 239,
            "valueStart": 235,
          },
          "object": Object {
            "end": 174,
            "start": 162,
            "value": "her",
            "valueEnd": 173,
            "valueStart": 170,
          },
          "possessive": Object {
            "end": 207,
            "start": 191,
            "value": "her",
            "valueEnd": 206,
            "valueStart": 203,
          },
          "reflexive": Object {
            "end": 276,
            "start": 257,
            "value": "herself",
            "valueEnd": 275,
            "valueStart": 268,
          },
          "subject": Object {
            "end": 145,
            "start": 132,
            "value": "she",
            "valueEnd": 144,
            "valueStart": 141,
          },
        },
        "start": 106,
        "tag": "Pronouns",
        "tagEnd": 115,
        "type": "tag",
      },
      Object {
        "contents": Array [
          Object {
            "end": 342,
            "start": 331,
            "type": "string",
            "value": "Frumpy Goth",
          },
        ],
        "contentsEnd": 342,
        "contentsStart": 331,
        "end": 360,
        "props": Object {},
        "start": 314,
        "tag": "FirstImpression",
        "tagEnd": 330,
        "type": "tag",
      },
      Object {
        "contents": Array [
          Object {
            "end": 399,
            "start": 387,
            "type": "string",
            "value": "Fuchsia eyes",
          },
        ],
        "contentsEnd": 399,
        "contentsStart": 387,
        "end": 414,
        "props": Object {},
        "start": 373,
        "tag": "OneCoolThing",
        "tagEnd": 386,
        "type": "tag",
      },
      Object {
        "contents": Array [
          Object {
            "end": 517,
            "start": 435,
            "type": "string",
            "value": "A bulky frock-coat lovingly kit-bashed from a black hoodie and patchily dyed lace.",
          },
        ],
        "contentsEnd": 517,
        "contentsStart": 435,
        "end": 526,
        "props": Object {},
        "start": 427,
        "tag": "Outfit",
        "tagEnd": 434,
        "type": "tag",
      },
    ],
    "contentsEnd": 535,
    "contentsStart": 63,
    "end": 547,
    "props": Object {
      "fileName": Object {
        "end": 46,
        "start": 31,
        "value": "Tess",
        "valueEnd": 45,
        "valueStart": 41,
      },
      "key": Object {
        "end": 30,
        "start": 20,
        "value": "TESS",
        "valueEnd": 29,
        "valueStart": 25,
      },
      "player": Object {
        "end": 62,
        "start": 47,
        "value": "TonyLB",
        "valueEnd": 61,
        "valueStart": 55,
      },
    },
    "start": 9,
    "tag": "Character",
    "tagEnd": 19,
    "type": "tag",
  },
]
`;
