// Jest Snapshot v1, https://goo.gl/fbAQLP

exports[`dbRegister should put a single element for a Character file 1`] = `
Object {
  "AssetId": "CHARACTER#12345",
  "DataCategory": "Meta::Character",
  "Name": "Tess",
  "address": Object {
    "fileName": "test",
    "zone": "Library",
  },
  "fileURL": "testIcon.png",
  "scopedId": "TESS",
}
`;

exports[`dbRegister should save correct default appearance for Rooms and Features 1`] = `
Object {
  "AssetId": "ASSET#TEST",
  "DataCategory": "Meta::Asset",
  "Story": undefined,
  "defaultExits": Array [],
  "defaultNames": Object {
    "Welcome": Object {
      "name": "Test",
      "tag": "Room",
    },
    "clockTower": Object {
      "name": "TestFeature",
      "tag": "Feature",
    },
  },
  "fileName": "test",
  "importTree": Array [],
  "instance": undefined,
  "player": undefined,
  "subFolder": undefined,
  "zone": "Library",
}
`;

exports[`dbRegister should save correct default appearance for Rooms and Features 2`] = `
Object {
  "extractKey": [Function],
  "items": Array [
    Object {
      "defaultAppearances": Array [
        Object {
          "exits": Array [],
          "name": "Test",
          "render": Array [
            "Test render!",
            Object {
              "tag": "Link",
              "targetTag": "Feature",
              "text": "(clock tower)",
              "to": "clockTower",
            },
          ],
        },
      ],
      "key": "Welcome",
      "tag": "Room",
    },
    Object {
      "defaultAppearances": Array [
        Object {
          "name": "TestFeature",
          "render": Array [
            "Test feature render",
          ],
        },
      ],
      "key": "clockTower",
      "tag": "Feature",
    },
  ],
  "mergeFunction": [Function],
  "search": Object {
    "DataCategory": "ASSET#TEST",
  },
  "table": "assets",
}
`;

exports[`dbRegister should save exits in default appearance for Rooms 1`] = `
Object {
  "AssetId": "ASSET#TEST",
  "DataCategory": "Meta::Asset",
  "Story": undefined,
  "defaultExits": Array [
    Object {
      "from": "Entry",
      "name": "welcome",
      "to": "Welcome",
    },
  ],
  "defaultNames": Object {
    "Entry": Object {
      "name": "Entry",
      "tag": "Room",
    },
    "Welcome": Object {
      "name": "Test",
      "tag": "Room",
    },
  },
  "fileName": "test",
  "importTree": Array [],
  "instance": undefined,
  "player": undefined,
  "subFolder": undefined,
  "zone": "Library",
}
`;

exports[`dbRegister should save exits in default appearance for Rooms 2`] = `
Object {
  "extractKey": [Function],
  "items": Array [
    Object {
      "defaultAppearances": Array [
        Object {
          "exits": Array [],
          "name": "Test",
          "render": Array [
            "Test render!",
          ],
        },
      ],
      "key": "Welcome",
      "tag": "Room",
    },
    Object {
      "defaultAppearances": Array [
        Object {
          "exits": Array [
            Object {
              "name": "welcome",
              "to": "Welcome",
            },
          ],
          "name": "Entry",
          "render": Array [
            "Entry render!",
          ],
        },
      ],
      "key": "Entry",
      "tag": "Room",
    },
  ],
  "mergeFunction": [Function],
  "search": Object {
    "DataCategory": "ASSET#TEST",
  },
  "table": "assets",
}
`;

exports[`dbRegister should save meta only for instanced Story type 1`] = `
Object {
  "AssetId": "ASSET#TEST",
  "DataCategory": "Meta::Asset",
  "Story": true,
  "defaultExits": Array [],
  "defaultNames": Object {},
  "fileName": "test",
  "importTree": Array [],
  "instance": true,
  "player": undefined,
  "subFolder": undefined,
  "zone": "Library",
}
`;

exports[`dbRegister should save meta only for instanced Story type 2`] = `
Object {
  "extractKey": [Function],
  "items": Array [],
  "mergeFunction": [Function],
  "search": Object {
    "DataCategory": "ASSET#TEST",
  },
  "table": "assets",
}
`;

exports[`dbRegister should save meta, rooms for Asset type 1`] = `
Object {
  "AssetId": "ASSET#TEST",
  "DataCategory": "Meta::Asset",
  "Story": undefined,
  "defaultExits": Array [],
  "defaultNames": Object {
    "Welcome": Object {
      "name": "Welcome",
      "tag": "Room",
    },
  },
  "fileName": "test",
  "importTree": Array [],
  "instance": undefined,
  "player": undefined,
  "subFolder": undefined,
  "zone": "Library",
}
`;

exports[`dbRegister should save meta, rooms for Asset type 2`] = `
Object {
  "extractKey": [Function],
  "items": Array [
    Object {
      "defaultAppearances": Array [
        Object {
          "rooms": Array [
            Object {
              "name": "Welcome",
              "x": 0,
              "y": 100,
            },
          ],
        },
      ],
      "key": "Village",
      "tag": "Map",
    },
    Object {
      "defaultAppearances": Array [
        Object {
          "exits": Array [],
          "name": "Welcome",
          "render": Array [],
        },
      ],
      "key": "Welcome",
      "tag": "Room",
    },
    Object {
      "defaultAppearances": Array [],
      "key": "clockTower",
      "tag": "Feature",
    },
  ],
  "mergeFunction": [Function],
  "search": Object {
    "DataCategory": "ASSET#TEST",
  },
  "table": "assets",
}
`;

exports[`dbRegister should save meta, rooms for Story type 1`] = `
Object {
  "AssetId": "ASSET#TEST",
  "DataCategory": "Meta::Asset",
  "Story": true,
  "defaultExits": Array [],
  "defaultNames": Object {},
  "fileName": "test",
  "importTree": Array [],
  "instance": undefined,
  "player": undefined,
  "subFolder": undefined,
  "zone": "Library",
}
`;

exports[`dbRegister should save meta, rooms for Story type 2`] = `
Object {
  "extractKey": [Function],
  "items": Array [
    Object {
      "defaultAppearances": Array [],
      "key": "Welcome",
      "tag": "Room",
    },
  ],
  "mergeFunction": [Function],
  "search": Object {
    "DataCategory": "ASSET#TEST",
  },
  "table": "assets",
}
`;
