// Jest Snapshot v1, https://goo.gl/fbAQLP

exports[`ExecuteActionMessage should execute an action and cascade 1`] = `
Array [
  Object {
    "ConditionCheck": Object {
      "ConditionExpression": "#value = :value",
      "ExpressionAttributeValues": Object {
        ":value": 2,
      },
      "Key": Object {
        "DataCategory": "Meta::Variable",
        "EphemeraId": "VARIABLE#VariableTwo",
      },
      "ProjectionFields": Array [
        "value",
      ],
    },
  },
]
`;

exports[`ExecuteActionMessage should execute an action and cascade 2`] = `
Object {
  "actionId": "ACTION#TestTwo",
  "characterId": "CHARACTER#SomebodyElse",
  "type": "ExecuteAction",
}
`;
