// Jest Snapshot v1, https://goo.gl/fbAQLP

exports[`tagTokenizer should tokenize tag 1`] = `
Object {
  "endIdx": 3,
  "startIdx": 0,
  "tag": "Room",
  "type": "Tag",
}
`;
